=== STARTING COMPREHENSIVE BACKEND TEST ===
Health Check: { status: 'ok', database: 'connected' }
Login Success! Token received.
Batch Creation: 400 { message: 'Missing required fields' }
Faculty Creation: 500 { message: 'Error creating faculty' }
Student Creation: 500 { message: 'Error creating student' }
Subject Creation: 201 { id: 11, message: 'Subject created successfully' }
Leave Request Status: 404
Grievance Submission Status: 201
=== TEST SUITE COMPLETED ===
