=== STARTING COMPREHENSIVE BACKEND TEST (RETRY) ===
Health Check: { status: 'ok', database: 'connected' }
Login Success!
Batch Creation: 201 { id: 9, message: 'Batch created successfully' }
Section Creation: 201 { id: 9, message: 'Section created successfully' }
Faculty Creation: 500 { message: 'Error creating faculty' }
Student Creation: 500 { message: 'Error creating student' }
Subject Creation: 201 { id: 12, message: 'Subject created successfully' }
Leave Request Status: 500
Grievance Submission Status: 201
=== TEST SUITE COMPLETED ===
